//! infix
//! --enable-tuples infix
//! --enable-tuples --tuples-require-parens infix
//! --enable-tuples --tuples-require-parens --use-parser-tuples infix
x = ((((1 + (2 * 3)) + 5.3) - 4) - (2 / 0.1));
y = ((3.2 * x) + 5);
print "x" x;
print "y" y;
