//! calculate
//! --enable-tuples calculate
//! --enable-tuples --tuples-require-parens calculate
//! --enable-tuples --tuples-require-parens --use-parser-tuples calculate
x <- -11.700000
y <- -32.440000
