//! infix
//! --enable-tuples infix
//! --enable-tuples --tuples-require-parens infix
//! --enable-tuples --tuples-require-parens --use-parser-tuples infix
x = (5 + 10);
y = ((1 - 9) + x);
print "1" (x + y);
z = ((5 * x) / y);
print "2" z;
