//! infix
//! --enable-tuples infix
//! --enable-tuples --tuples-require-parens infix
//! --enable-tuples --tuples-require-parens --use-parser-tuples infix
x = 5;
print "x" x;
y = (2 - 1);
print "1 + 10" (1 + 10);
