//! calculate
//! --enable-tuples calculate
//! --enable-tuples --tuples-require-parens calculate
//! --enable-tuples --tuples-require-parens --use-parser-tuples calculate
x <- 5
1 + 10 <- 11
