//! postfix
//! --enable-tuples postfix
//! --enable-tuples --tuples-require-parens postfix
//! --enable-tuples --tuples-require-parens --use-parser-tuples postfix
x 5 =
"x" x print
y 2 1 - =
"1 + 10" 1 10 + print
