//! --enable-tuples --tuples-require-parens postfix
//! --enable-tuples --tuples-require-parens --use-parser-tuples postfix
//! --enable-tuples postfix
tpl1 1 2 3 3 tuple =
"1" tpl1 0 . print
"2" 42 tpl1 42 3 tuple 1 . 1 . print
"3" tpl1 tpl1 1 . . print
