//! --enable-tuples --tuples-require-parens infix
//! --enable-tuples --tuples-require-parens --use-parser-tuples infix
print "()" (,);
