//! --enable-tuples --tuples-require-parens postfix
//! --enable-tuples --tuples-require-parens --use-parser-tuples postfix
"()" 0 tuple print
