//! --enable-tuples --tuples-require-parens calculate
//! --enable-tuples --tuples-require-parens --use-parser-tuples calculate
() <- (,)
