//! --enable-tuples calculate
arity 0 <- (,)
arity 1 <- (1,)
arity 1 op <- (1,)
arity 2 <- (1, 2,)
arity 2 trailing <- (1, 2,)
arity 3 <- (1, 2, 3,)
arity 3 trailing <- (1, 2, 3,)
arity 3 op <- (1, 2, 3,)
